<html>
<body>
<pre>
<h1>µVision Build Log</h1>
<h2>Project:</h2>
C:\Documents and Settings\Administrator\×ÀÃæ\USART3À¶ÑÀ1\USER\TEST.uvproj
Project File Date:  06/04/2014

<h2>Output:</h2>
Build target 'Target 1'
linking...
Program Size: Code=27686 RO-data=3622 RW-data=384 ZI-data=1232  
FromELF: creating hex file...
"TEST.axf" - 0 Error(s), 0 Warning(s).
Build target 'Target 1'
compiling test.c...
test.c(76): warning:  #223-D: function "USART3_Init" declared implicitly
test.c(77): warning:  #223-D: function "u2_printf" declared implicitly
linking...
Program Size: Code=27682 RO-data=3622 RW-data=384 ZI-data=1232  
FromELF: creating hex file...
"TEST.axf" - 0 Error(s), 2 Warning(s).
Build target 'Target 1'
assembling STM32F10x.s...
compiling test.c...
test.c(76): warning:  #223-D: function "USART3_Init" declared implicitly
test.c(77): warning:  #223-D: function "u2_printf" declared implicitly
compiling delay.c...
compiling sys.c...
compiling usart.c...
compiling led.c...
compiling key.c...
compiling timer.c...
compiling ILI93xx.c...
compiling hc05.c...
..\HARDWARE\HC05\hc05.c(25): warning:  #177-D: variable "retry" was declared but never referenced
..\HARDWARE\HC05\hc05.c(25): warning:  #177-D: variable "t" was declared but never referenced
compiling bluetooth.c...
compiling usart3.c...
compiling usart2.c...
compiling usmart.c...
compiling usmart_config.c...
compiling usmart_str.c...
linking...
Program Size: Code=27682 RO-data=3622 RW-data=384 ZI-data=1232  
FromELF: creating hex file...
"TEST.axf" - 0 Error(s), 4 Warning(s).
Build target 'Target 1'
compiling test.c...
test.c(76): warning:  #223-D: function "USART3_Init" declared implicitly
test.c(77): warning:  #223-D: function "u2_printf" declared implicitly
linking...
Program Size: Code=27686 RO-data=3622 RW-data=384 ZI-data=1232  
FromELF: creating hex file...
"TEST.axf" - 0 Error(s), 2 Warning(s).
Build target 'Target 1'
assembling STM32F10x.s...
compiling test.c...
test.c(76): warning:  #223-D: function "USART3_Init" declared implicitly
test.c(77): warning:  #223-D: function "u2_printf" declared implicitly
compiling delay.c...
compiling sys.c...
compiling usart.c...
compiling led.c...
compiling key.c...
compiling timer.c...
compiling ILI93xx.c...
compiling hc05.c...
..\HARDWARE\HC05\hc05.c(25): warning:  #177-D: variable "retry" was declared but never referenced
..\HARDWARE\HC05\hc05.c(25): warning:  #177-D: variable "t" was declared but never referenced
compiling bluetooth.c...
compiling usart3.c...
compiling usart2.c...
compiling usmart.c...
compiling usmart_config.c...
compiling usmart_str.c...
linking...
Program Size: Code=27686 RO-data=3622 RW-data=384 ZI-data=1232  
FromELF: creating hex file...
"TEST.axf" - 0 Error(s), 4 Warning(s).
